%!Adobe-FontList 1.16
%Locale:0x419

%BeginFont
Handler:DirectoryHandler
FontType:Type1
FontName:HelveticaNeueCyr-Black
FamilyName:HelveticaNeueCyr
StyleName:Black
FullName:HelveticaNeueCyr-Black
MenuName:HelveticaNeueCyr
StyleBits:2
FamilyNameNative:HelveticaNeueCyr
StyleNameNative:Black
FullNameNative:HelveticaNeueCyr Black
WritingScript:Cyrillic
OutlineFileName:C:\Users\AlexS\Desktop\LANDING\Font\HelveticaNeueCyr-Black.otf
DataFormat:sfntData
UsesStandardEncoding:yes
isCFF:yes
FileLength:27196
FileModTime:1386912002
WeightClass:900
WidthClass:5
AngleClass:0
NameArray:0,Mac,4,HelveticaNeueCyr-Black
NameArray:0,Win,1,HelveticaNeueCyr
%EndFont

%BeginFont
Handler:DirectoryHandler
FontType:Type1
FontName:HelveticaNeueCyr-BlackItalic
FamilyName:HelveticaNeueCyr
StyleName:Black Italic
FullName:HelveticaNeueCyr-BlackItalic
MenuName:HelveticaNeueCyr
StyleBits:3
FamilyNameNative:HelveticaNeueCyr
StyleNameNative:Black Italic
FullNameNative:HelveticaNeueCyr Black Italic
WritingScript:Cyrillic
OutlineFileName:C:\Users\AlexS\Desktop\LANDING\Font\HelveticaNeueCyr-BlackItalic.otf
DataFormat:sfntData
UsesStandardEncoding:yes
isCFF:yes
FileLength:28908
FileModTime:1386912002
WeightClass:900
WidthClass:5
AngleClass:1
NameArray:0,Mac,4,HelveticaNeueCyr-BlackItalic
NameArray:0,Win,1,HelveticaNeueCyr
%EndFont

%BeginFont
Handler:DirectoryHandler
FontType:Type1
FontName:HelveticaNeueCyr-Bold
FamilyName:HelveticaNeueCyr
StyleName:Bold
FullName:HelveticaNeueCyr-Bold
MenuName:HelveticaNeueCyr
StyleBits:2
FamilyNameNative:HelveticaNeueCyr
StyleNameNative:Bold
FullNameNative:HelveticaNeueCyr Bold
WritingScript:Cyrillic
OutlineFileName:C:\Users\AlexS\Desktop\LANDING\Font\HelveticaNeueCyr-Bold.otf
DataFormat:sfntData
UsesStandardEncoding:yes
isCFF:yes
FileLength:26420
FileModTime:1386912001
WeightClass:700
WidthClass:5
AngleClass:0
NameArray:0,Mac,4,HelveticaNeueCyr-Bold
NameArray:0,Win,1,HelveticaNeueCyr
%EndFont

%BeginFont
Handler:DirectoryHandler
FontType:Type1
FontName:HelveticaNeueCyr-BoldItalic
FamilyName:HelveticaNeueCyr
StyleName:Bold Italic
FullName:HelveticaNeueCyr-BoldItalic
MenuName:HelveticaNeueCyr
StyleBits:3
FamilyNameNative:HelveticaNeueCyr
StyleNameNative:Bold Italic
FullNameNative:HelveticaNeueCyr Bold Italic
WritingScript:Cyrillic
OutlineFileName:C:\Users\AlexS\Desktop\LANDING\Font\HelveticaNeueCyr-BoldItalic.otf
DataFormat:sfntData
UsesStandardEncoding:yes
isCFF:yes
FileLength:27652
FileModTime:1386912002
WeightClass:700
WidthClass:5
AngleClass:1
NameArray:0,Mac,4,HelveticaNeueCyr-BoldItalic
NameArray:0,Win,1,HelveticaNeueCyr
%EndFont

%BeginFont
Handler:DirectoryHandler
FontType:Type1
FontName:HelveticaNeueCyr-Italic
FamilyName:HelveticaNeueCyr
StyleName:Italic
FullName:HelveticaNeueCyr-Italic
MenuName:HelveticaNeueCyr
StyleBits:1
FamilyNameNative:HelveticaNeueCyr
StyleNameNative:Italic
FullNameNative:HelveticaNeueCyr Italic
WritingScript:Cyrillic
OutlineFileName:C:\Users\AlexS\Desktop\LANDING\Font\HelveticaNeueCyr-Italic.otf
DataFormat:sfntData
UsesStandardEncoding:yes
isCFF:yes
FileLength:27016
FileModTime:1386912002
WeightClass:550
WidthClass:5
AngleClass:1
NameArray:0,Mac,4,HelveticaNeueCyr-Italic
NameArray:0,Win,1,HelveticaNeueCyr
%EndFont

%BeginFont
Handler:DirectoryHandler
FontType:Type1
FontName:HelveticaNeueCyr-Light
FamilyName:HelveticaNeueCyr
StyleName:Light
FullName:HelveticaNeueCyr-Light
MenuName:HelveticaNeueCyr
StyleBits:0
FamilyNameNative:HelveticaNeueCyr
StyleNameNative:Light
FullNameNative:HelveticaNeueCyr Light
WritingScript:Cyrillic
OutlineFileName:C:\Users\AlexS\Desktop\LANDING\Font\HelveticaNeueCyr-Light.otf
DataFormat:sfntData
UsesStandardEncoding:yes
isCFF:yes
FileLength:26060
FileModTime:1386912002
WeightClass:300
WidthClass:5
AngleClass:0
NameArray:0,Mac,4,HelveticaNeueCyr-Light
NameArray:0,Win,1,HelveticaNeueCyr
%EndFont

%BeginFont
Handler:DirectoryHandler
FontType:Type1
FontName:HelveticaNeueCyr-LightItalic
FamilyName:HelveticaNeueCyr
StyleName:Light Italic
FullName:HelveticaNeueCyr-LightItalic
MenuName:HelveticaNeueCyr
StyleBits:1
FamilyNameNative:HelveticaNeueCyr
StyleNameNative:Light Italic
FullNameNative:HelveticaNeueCyr Light Italic
WritingScript:Cyrillic
OutlineFileName:C:\Users\AlexS\Desktop\LANDING\Font\HelveticaNeueCyr-LightItalic.otf
DataFormat:sfntData
UsesStandardEncoding:yes
isCFF:yes
FileLength:27912
FileModTime:1386912002
WeightClass:300
WidthClass:5
AngleClass:1
NameArray:0,Mac,4,HelveticaNeueCyr-LightItalic
NameArray:0,Win,1,HelveticaNeueCyr
%EndFont

%BeginFont
Handler:DirectoryHandler
FontType:Type1
FontName:HelveticaNeueCyr-Medium
FamilyName:HelveticaNeueCyr
StyleName:Medium
FullName:HelveticaNeueCyr-Medium
MenuName:HelveticaNeueCyr
StyleBits:0
FamilyNameNative:HelveticaNeueCyr
StyleNameNative:Medium
FullNameNative:HelveticaNeueCyr Medium
WritingScript:Cyrillic
OutlineFileName:C:\Users\AlexS\Desktop\LANDING\Font\HelveticaNeueCyr-Medium.otf
DataFormat:sfntData
UsesStandardEncoding:yes
isCFF:yes
FileLength:26204
FileModTime:1386912002
WeightClass:550
WidthClass:5
AngleClass:0
NameArray:0,Mac,4,HelveticaNeueCyr-Medium
NameArray:0,Win,1,HelveticaNeueCyr
%EndFont

%BeginFont
Handler:DirectoryHandler
FontType:Type1
FontName:HelveticaNeueCyr-Roman
FamilyName:HelveticaNeueCyr
StyleName:Roman
FullName:HelveticaNeueCyr-Roman
MenuName:HelveticaNeueCyr
StyleBits:0
FamilyNameNative:HelveticaNeueCyr
StyleNameNative:Roman
FullNameNative:HelveticaNeueCyr Roman
WritingScript:Cyrillic
OutlineFileName:C:\Users\AlexS\Desktop\LANDING\Font\HelveticaNeueCyr-Roman.otf
DataFormat:sfntData
UsesStandardEncoding:yes
isCFF:yes
FileLength:25548
FileModTime:1386912003
WeightClass:400
WidthClass:5
AngleClass:0
NameArray:0,Mac,4,HelveticaNeueCyr-Roman
NameArray:0,Win,1,HelveticaNeueCyr
%EndFont

%BeginFont
Handler:DirectoryHandler
FontType:Type1
FontName:HelveticaNeueCyr-Thin
FamilyName:HelveticaNeueCyr
StyleName:Thin
FullName:HelveticaNeueCyr-Thin
MenuName:HelveticaNeueCyr
StyleBits:0
FamilyNameNative:HelveticaNeueCyr
StyleNameNative:Thin
FullNameNative:HelveticaNeueCyr Thin
WritingScript:Cyrillic
OutlineFileName:C:\Users\AlexS\Desktop\LANDING\Font\HelveticaNeueCyr-Thin.otf
DataFormat:sfntData
UsesStandardEncoding:yes
isCFF:yes
FileLength:25916
FileModTime:1386912003
WeightClass:100
WidthClass:5
AngleClass:0
NameArray:0,Mac,4,HelveticaNeueCyr-Thin
NameArray:0,Win,1,HelveticaNeueCyr
%EndFont

%BeginFont
Handler:DirectoryHandler
FontType:Type1
FontName:HelveticaNeueCyr-ThinItalic
FamilyName:HelveticaNeueCyr
StyleName:Thin Italic
FullName:HelveticaNeueCyr-ThinItalic
MenuName:HelveticaNeueCyr
StyleBits:1
FamilyNameNative:HelveticaNeueCyr
StyleNameNative:Thin Italic
FullNameNative:HelveticaNeueCyr Thin Italic
WritingScript:Cyrillic
OutlineFileName:C:\Users\AlexS\Desktop\LANDING\Font\HelveticaNeueCyr-ThinItalic.otf
DataFormat:sfntData
UsesStandardEncoding:yes
isCFF:yes
FileLength:27704
FileModTime:1386912003
WeightClass:100
WidthClass:5
AngleClass:1
NameArray:0,Mac,4,HelveticaNeueCyr-ThinItalic
NameArray:0,Win,1,HelveticaNeueCyr
%EndFont

%BeginFont
Handler:DirectoryHandler
FontType:Type1
FontName:HelveticaNeueCyr-UltraLightItalic
FamilyName:HelveticaNeueCyr
StyleName:UltraLight Italic
FullName:HelveticaNeueCyr-UltraLightItalic
MenuName:HelveticaNeueCyr
StyleBits:1
FamilyNameNative:HelveticaNeueCyr
StyleNameNative:UltraLight Italic
FullNameNative:HelveticaNeueCyr UltraLight Italic
WritingScript:Cyrillic
OutlineFileName:C:\Users\AlexS\Desktop\LANDING\Font\HelveticaNeueCyr-UltraLightItalic.otf
DataFormat:sfntData
UsesStandardEncoding:yes
isCFF:yes
FileLength:27580
FileModTime:1386912002
WeightClass:200
WidthClass:5
AngleClass:1
NameArray:0,Mac,4,HelveticaNeueCyr-UltraLightItalic
NameArray:0,Win,1,HelveticaNeueCyr
%EndFont

%BeginFont
Handler:DirectoryHandler
FontType:Type1
FontName:HelveticaNeueCyr-UltraLight
FamilyName:HelveticaNeueCyr
StyleName:UltraLight
FullName:HelveticaNeueCyr-UltraLight
MenuName:HelveticaNeueCyr
StyleBits:0
FamilyNameNative:HelveticaNeueCyr
StyleNameNative:UltraLight
FullNameNative:HelveticaNeueCyr UltraLight
WritingScript:Cyrillic
OutlineFileName:C:\Users\AlexS\Desktop\LANDING\Font\HelveticaNeueCyr-UltraLight_0.otf
DataFormat:sfntData
UsesStandardEncoding:yes
isCFF:yes
FileLength:25528
FileModTime:1386912002
WeightClass:200
WidthClass:5
AngleClass:0
NameArray:0,Mac,4,HelveticaNeueCyr-UltraLight
NameArray:0,Win,1,HelveticaNeueCyr
%EndFont

